20:41:03 **** Incremental Build of configuration Debug for project Timer_Interrupt ****
make -j16 all 
arm-none-eabi-gcc "../Core/Src/main_app.c" -mcpu=cortex-m4 -std=gnu11 -g3 -DDEBUG -DUSE_HAL_DRIVER -DSTM32F411xE -c -I../Core/Inc -I../Drivers/STM32F4xx_HAL_Driver/Inc -I../Drivers/STM32F4xx_HAL_Driver/Inc/Legacy -I../Drivers/CMSIS/Device/ST/STM32F4xx/Include -I../Drivers/CMSIS/Include -O0 -ffunction-sections -fdata-sections -Wall -fstack-usage -fcyclomatic-complexity -MMD -MP -MF"Core/Src/main_app.d" -MT"Core/Src/main_app.o" --specs=nano.specs -mfpu=fpv4-sp-d16 -mfloat-abi=hard -mthumb -o "Core/Src/main_app.o"
arm-none-eabi-gcc -o "Timer_Interrupt.elf" @"objects.list"   -mcpu=cortex-m4 -T"T:\EMBEDDED_DRIVERS\Nucleo_F411RE\Timer_Interrupt\STM32F411RETX_FLASH.ld" --specs=nosys.specs -Wl,-Map="Timer_Interrupt.map" -Wl,--gc-sections -static --specs=nano.specs -mfpu=fpv4-sp-d16 -mfloat-abi=hard -mthumb -Wl,--start-group -lc -lm -Wl,--end-group
Finished building target: Timer_Interrupt.elf
 
arm-none-eabi-size   Timer_Interrupt.elf 
arm-none-eabi-objdump -h -S  Timer_Interrupt.elf  > "Timer_Interrupt.list"
   text	   data	    bss	    dec	    hex	filename
   3928	     20	   1644	   5592	   15d8	Timer_Interrupt.elf
Finished building: default.size.stdout
 
Finished building: Timer_Interrupt.list
 
20:41:14 **** Incremental Build of configuration Debug for project Timer_Interrupt ****
make -j16 all 
arm-none-eabi-size   Timer_Interrupt.elf 
   text	   data	    bss	    dec	    hex	filename
   3928	     20	   1644	   5592	   15d8	Timer_Interrupt.elf
Finished building: default.size.stdout
 
