23:34:06 **** Incremental Build of configuration Debug for project DRIVERS_APIs ****
make -j16 all 
arm-none-eabi-gcc "../Src/main.c" -mcpu=cortex-m4 -std=gnu11 -g3 -DDEBUG -DSTM32 -DSTM32F407G_DISC1 -DSTM32F4 -DSTM32F407VGTx -c -I../Inc -O0 -ffunction-sections -fdata-sections -Wall -fstack-usage -fcyclomatic-complexity -MMD -MP -MF"Src/main.d" -MT"Src/main.o" --specs=nano.specs -mfloat-abi=soft -mthumb -o "Src/main.o"
arm-none-eabi-gcc -o "DRIVERS_APIs.elf" @"objects.list"   -mcpu=cortex-m4 -T"T:\EMBEDDED_DRIVERS\DISCO_DRIVERS\DRIVERS_APIs\STM32F407VGTX_FLASH.ld" --specs=nosys.specs -Wl,-Map="DRIVERS_APIs.map" -Wl,--gc-sections -static --specs=nano.specs -mfloat-abi=soft -mthumb -Wl,--start-group -lc -lm -Wl,--end-group
Finished building target: DRIVERS_APIs.elf
 
arm-none-eabi-size   DRIVERS_APIs.elf 
arm-none-eabi-objdump -h -S  DRIVERS_APIs.elf  > "DRIVERS_APIs.list"
   text	   data	    bss	    dec	    hex	filename
   3328	    100	   1900	   5328	   14d0	DRIVERS_APIs.elf
Finished building: default.size.stdout
 
Finished building: DRIVERS_APIs.list
 

23:34:06 Build Finished. 0 errors, 0 warnings. (took 404ms)

