../drivers/Src/F407_SPI_Drivers.c:30:6:SPI_PCLK_Control	16	static
../drivers/Src/F407_SPI_Drivers.c:52:6:SPI_ProtocolEnable	16	static
../drivers/Src/F407_SPI_Drivers.c:61:6:SSI_Config	16	static
../drivers/Src/F407_SPI_Drivers.c:70:6:SSOE_Config	16	static
../drivers/Src/F407_SPI_Drivers.c:93:6:SPI_Init	24	static
../drivers/Src/F407_SPI_Drivers.c:157:6:SPI_DeInit	16	static
../drivers/Src/F407_SPI_Drivers.c:167:9:Check_FlagStatus	16	static
../drivers/Src/F407_SPI_Drivers.c:190:6:SPI_DataSend	24	static
../drivers/Src/F407_SPI_Drivers.c:227:6:SPI_DataReceive	24	static
../drivers/Src/F407_SPI_Drivers.c:265:6:SPI_IRQInterruptConfig	16	static
../drivers/Src/F407_SPI_Drivers.c:316:6:SPI_IRQPriorityConfig	24	static
../drivers/Src/F407_SPI_Drivers.c:344:9:SPI_DataSendIT	32	static
../drivers/Src/F407_SPI_Drivers.c:375:10:SPI_DataReceiveIT	32	static
../drivers/Src/F407_SPI_Drivers.c:407:6:SPI_IRQHandling	24	static
../drivers/Src/F407_SPI_Drivers.c:462:6:SPI_TXE_InterruptHandle	16	static
../drivers/Src/F407_SPI_Drivers.c:490:6:SPI_RXNE_InterruptHandle	16	static
../drivers/Src/F407_SPI_Drivers.c:518:6:SPI_OVERRUN_InterruptHandle	16	static
../drivers/Src/F407_SPI_Drivers.c:533:6:SPI_OVRFlagClear	24	static
../drivers/Src/F407_SPI_Drivers.c:542:6:SPI_CloseTx	16	static
../drivers/Src/F407_SPI_Drivers.c:550:6:SPI_CloseRx	16	static
../drivers/Src/F407_SPI_Drivers.c:558:13:SPI_Callback	16	static
